%header%
GRAMMARTYPE = "LL"

%tokens%
TOKEN_0 = "B X"
TOKEN_1 = "C"
TOKEN_2 = "X"
TOKEN_3 = "Y"
TOKEN_4 = "Z"
TOKEN_5 = "ZZZ"
TOKEN_6 = 'A'

%productions%
syntax = rule1+ [ rule2 rule1 ];
rule1 = 'A'+ { "B X" rule1 } | ( "X" "Y" "Z" )+ | ( "ZZZ" )*;
rule2 = ( rule1 rule1 rule1+ ) [ "C" ];
OK
