%header%
GRAMMARTYPE = "LL"

%tokens%
TOKEN_0 = "+"
TOKEN_1 = "-"
TOKEN_2 = "0"
TOKEN_3 = "1"
TOKEN_4 = "2"

%productions%
ternary_number = [ sign ] digit { digit };
digit = "0" | "1" | "2";
sign = "+" | "-";
OK
