start
  ternary_number
    sign
    digit
    digit
    digit
    digit
    digit
    digit

OK
